// Jest Snapshot v1, https://goo.gl/fbAQLP

exports[`@elements/icon Should create an icon based on the tag name 1`] = `Promise {}`;

exports[`@elements/icon Should pass the className to the icon 1`] = `Promise {}`;
